[31m

processing file: ch1-zh.qmd
[39m1/9                  
2/9 [setup]          
3/9                  
4/9 [unnamed-chunk-1]
5/9                  
6/9 [unnamed-chunk-2]
7/9                  
8/9 [unnamed-chunk-3]
9/9                  
[31moutput file: ch1-zh.knit.md

[39m[1mpandoc [22m
  to: revealjs
  output-file: ch1-zh.html
  standalone: true
  wrap: none
  default-image-extension: png
  html-math-method:
    method: mathjax
    url: >-
      https://cdn.jsdelivr.net/npm/mathjax@2.7.9/MathJax.js?config=TeX-AMS_HTML-full
  slide-level: 2
  variables: {}
  
[1mmetadata[22m
  link-citations: true
  width: 1050
  height: 700
  margin: 0.1
  center: false
  navigationMode: linear
  controlsLayout: edges
  controlsTutorial: false
  hash: true
  history: true
  hashOneBasedIndex: false
  fragmentInURL: false
  transition: none
  backgroundTransition: none
  pdfSeparateFragments: false
  lang: en
  auto-stretch: true
  engines:
    - path: /Applications/RStudio.app/Contents/Resources/app/quarto/share/extension-subtrees/julia-engine/_extensions/julia-engine/julia-engine.js
  title: 資料分析
  subtitle: 第一章：簡介
  author: 劉昱佑
  institute: 實踐大學
  date: '`r Sys.Date()`'
  smaller: true
  theme: serif
  footer: '`ggplot2`: Elegant Graphics for Data Analysis'
  logo: logo.svg
  editor: source
  bibliography:
    - bib.bib
  suppress-bibliography: true
  slideNumber: true
  scrollable: false
  menu:
    useTextContentForMissingTitles: false
    hideMissingTitles: true
    side: left
    titleSelector: h1
  title-slide-attributes:
    data-notes: ''
  
Output created: ch1-zh.html

