[31m

processing file: ch10.qmd
[39m1/81                   
2/81 [unnamed-chunk-1] 
3/81                   
4/81 [unnamed-chunk-2] 
5/81                   
6/81 [unnamed-chunk-3] 
7/81                   
8/81 [unnamed-chunk-4] 
9/81                   
10/81 [unnamed-chunk-5] 
11/81                   
12/81 [unnamed-chunk-6] 
13/81                   
14/81 [unnamed-chunk-7] 
15/81                   
16/81 [unnamed-chunk-8] 
17/81                   
18/81 [unnamed-chunk-9] 
19/81                   
20/81 [unnamed-chunk-10]
21/81                   
22/81 [unnamed-chunk-11]
23/81                   
24/81 [unnamed-chunk-12]
25/81                   
26/81 [unnamed-chunk-13]
27/81                   
28/81 [unnamed-chunk-14]
29/81                   
30/81 [unnamed-chunk-15]
31/81                   
32/81 [unnamed-chunk-16]
33/81                   
34/81 [unnamed-chunk-17]
35/81                   
36/81 [unnamed-chunk-18]
37/81                   
38/81 [unnamed-chunk-19]
39/81                   
40/81 [unnamed-chunk-20]
41/81                   
42/81 [unnamed-chunk-21]
43/81                   
44/81 [unnamed-chunk-22]
45/81                   
46/81 [unnamed-chunk-23]
47/81                   
48/81 [unnamed-chunk-24]
49/81                   
50/81 [unnamed-chunk-25]
51/81                   
52/81 [unnamed-chunk-26]
53/81                   
54/81 [unnamed-chunk-27]
55/81                   
56/81 [unnamed-chunk-28]
57/81                   
58/81 [unnamed-chunk-29]
59/81                   
60/81 [unnamed-chunk-30]
61/81                   
62/81 [unnamed-chunk-31]
63/81                   
64/81 [unnamed-chunk-32]
65/81                   
66/81 [unnamed-chunk-33]
67/81                   
68/81 [unnamed-chunk-34]
69/81                   
70/81 [unnamed-chunk-35]
71/81                   
72/81 [unnamed-chunk-36]
73/81                   
74/81 [unnamed-chunk-37]
75/81                   
76/81 [unnamed-chunk-38]
77/81                   
78/81 [unnamed-chunk-39]
79/81                   
80/81 [unnamed-chunk-40]
81/81                   
[31moutput file: ch10.knit.md

[39m[1mpandoc [22m
  to: revealjs
  output-file: ch10.html
  standalone: true
  wrap: none
  default-image-extension: png
  html-math-method:
    method: mathjax
    url: >-
      https://cdn.jsdelivr.net/npm/mathjax@2.7.9/MathJax.js?config=TeX-AMS_HTML-full
  slide-level: 2
  variables: {}
  
[1mmetadata[22m
  link-citations: true
  width: 1050
  height: 700
  margin: 0.1
  center: false
  navigationMode: linear
  controlsLayout: edges
  controlsTutorial: false
  hash: true
  history: true
  hashOneBasedIndex: false
  fragmentInURL: false
  transition: none
  backgroundTransition: none
  pdfSeparateFragments: false
  lang: en
  auto-stretch: true
  engines:
    - path: /Applications/RStudio.app/Contents/Resources/app/quarto/share/extension-subtrees/julia-engine/_extensions/julia-engine/julia-engine.js
  title: Data Analysis
  subtitle: 'Chapter 10: Position Scales and Axes'
  author: Yu-You Liou (NTU)
  institute: Shih Chien University
  date: '`r Sys.Date()`'
  smaller: true
  theme: serif
  footer: '`ggplot2`: Elegant Graphics for Data Analysis'
  logo: logo.svg
  editor: source
  bibliography:
    - bib.bib
  suppress-bibliography: true
  slideNumber: true
  scrollable: false
  menu:
    useTextContentForMissingTitles: false
    hideMissingTitles: true
    side: left
    titleSelector: h1
  title-s