[31m

processing file: ch10-zh.qmd
[39m1/83                   
2/83 [setup]           
3/83                   
4/83 [unnamed-chunk-1] 
5/83                   
6/83 [unnamed-chunk-2] 
7/83                   
8/83 [unnamed-chunk-3] 
9/83                   
10/83 [unnamed-chunk-4] 
11/83                   
12/83 [unnamed-chunk-5] 
13/83                   
14/83 [unnamed-chunk-6] 
15/83                   
16/83 [unnamed-chunk-7] 
17/83                   
18/83 [unnamed-chunk-8] 
19/83                   
20/83 [unnamed-chunk-9] 
21/83                   
22/83 [unnamed-chunk-10]
23/83                   
24/83 [unnamed-chunk-11]
25/83                   
26/83 [unnamed-chunk-12]
27/83                   
28/83 [unnamed-chunk-13]
29/83                   
30/83 [unnamed-chunk-14]
31/83                   
32/83 [unnamed-chunk-15]
33/83                   
34/83 [unnamed-chunk-16]
35/83                   
36/83 [unnamed-chunk-17]
37/83                   
38/83 [unnamed-chunk-18]
39/83                   
40/83 [unnamed-chunk-19]
41/83                   
42/83 [unnamed-chunk-20]
43/83                   
44/83 [unnamed-chunk-21]
45/83                   
46/83 [unnamed-chunk-22]
47/83                   
48/83 [unnamed-chunk-23]
49/83                   
50/83 [unnamed-chunk-24]
51/83                   
52/83 [unnamed-chunk-25]
53/83                   
54/83 [unnamed-chunk-26]
55/83                   
56/83 [unnamed-chunk-27]
57/83                   
58/83 [unnamed-chunk-28]
59/83                   
60/83 [unnamed-chunk-29]
61/83                   
62/83 [unnamed-chunk-30]
63/83                   
64/83 [unnamed-chunk-31]
65/83                   
66/83 [unnamed-chunk-32]
67/83                   
68/83 [unnamed-chunk-33]
69/83                   
70/83 [unnamed-chunk-34]
71/83                   
72/83 [unnamed-chunk-35]
73/83                   
74/83 [unnamed-chunk-36]
75/83                   
76/83 [unnamed-chunk-37]
77/83                   
78/83 [unnamed-chunk-38]
79/83                   
80/83 [unnamed-chunk-39]
81/83                   
82/83 [unnamed-chunk-40]
83/83                   
[31moutput file: ch10-zh.knit.md

[39m[1mpandoc [22m
  to: revealjs
  output-file: ch10-zh.html
  standalone: true
  wrap: none
  default-image-extension: png
  html-math-method:
    method: mathjax
    url: >-
      https://cdn.jsdelivr.net/npm/mathjax@2.7.9/MathJax.js?config=TeX-AMS_HTML-full
  slide-level: 2
  variables: {}
  
[1mmetadata[22m
  link-citations: true
  width: 1050
  height: 700
  margin: 0.1
  center: false
  navigationMode: linear
  controlsLayout: edges
  controlsTutorial: false
  hash: true
  history: true
  hashOneBasedIndex: false
  fragmentInURL: false
  transition: none
  backgroundTransition: none
  pdfSeparateFragments: false
  lang: en
  auto-stretch: true
  engines:
    - path: /Applications/RStudio.app/Contents/Resources/app/quarto/share/extension-subtrees/julia-engine/_extensions/julia-engine/julia-engine.js
  title: 資料分析
  subtitle: 第十章：位置尺度與座標軸
  author: 劉昱佑
  institute: 實踐大學
  date: '`r Sys.Date()`'
  smaller: true
  theme: serif
  footer: '`ggplot2`: Elegant Graphics for Data Analysis'
  logo: logo.svg
  editor: source
  bibliography:
    - bib.bib
  suppress-bibliography: true
  slideNumber: true
  scrollable: false
  menu:
    useTextContentForMissingTitles: false
    hideMissingTitles: true
    side: left
    titleSelector: h1
  title-slide-attributes:
    data-notes: ''
  
Output created: ch10-zh.html

