[31m

processing file: ch12-zh.qmd
[39m1/41                   
2/41 [setup]           
3/41                   
4/41 [unnamed-chunk-1] 
5/41                   
6/41 [unnamed-chunk-2] 
7/41                   
8/41 [unnamed-chunk-3] 
9/41                   
10/41 [unnamed-chunk-4] 
11/41                   
12/41 [unnamed-chunk-5] 
13/41                   
14/41 [unnamed-chunk-6] 
15/41                   
16/41 [unnamed-chunk-7] 
17/41                   
18/41 [unnamed-chunk-8] 
19/41                   
20/41 [unnamed-chunk-9] 
21/41                   
22/41 [unnamed-chunk-10]
23/41                   
24/41 [unnamed-chunk-11]
25/41                   
26/41 [unnamed-chunk-12]
27/41                   
28/41 [unnamed-chunk-13]
29/41                   
30/41 [unnamed-chunk-14]
31/41                   
32/41 [unnamed-chunk-15]
33/41                   
34/41 [unnamed-chunk-16]
35/41                   
36/41 [unnamed-chunk-17]
37/41                   
38/41 [unnamed-chunk-18]
39/41                   
40/41 [unnamed-chunk-19]
41/41                   
[31moutput file: ch12-zh.knit.md

[39m[1mpandoc [22m
  to: revealjs
  output-file: ch12-zh.html
  standalone: true
  wrap: none
  default-image-extension: png
  html-math-method:
    method: mathjax
    url: >-
      https://cdn.jsdelivr.net/npm/mathjax@2.7.9/MathJax.js?config=TeX-AMS_HTML-full
  slide-level: 2
  variables: {}
  
[1mmetadata[22m
  link-citations: true
  width: 1050
  height: 700
  margin: 0.1
  center: false
  navigationMode: linear
  controlsLayout: edges
  controlsTutorial: false
  hash: true
  history: true
  hashOneBasedIndex: false
  fragmentInURL: false
  transition: none
  backgroundTransition: none
  pdfSeparateFragments: false
  lang: en
  auto-stretch: true
  engines:
    - path: /Applications/RStudio.app/Contents/Resources/app/quarto/share/extension-subtrees/julia-engine/_extensions/julia-engine/julia-engine.js
  title: 資料分析
  subtitle: 第十二章：其他美學
  author: 劉昱佑
  institute: 實踐大學
  date: '`r Sys.Date()`'
  smaller: true
  theme: serif
  footer: '`ggplot2`: Elegant Graphics for Data Analysis'
  logo: logo.svg
  editor: source
  bibliography:
    - bib.bib
  suppress-bibliography: true
  slideNumber: true
  scrollable: false
  menu:
    useTextContentForMissingTitles: false
    hideMissingTitles: true
    side: left
    titleSelector: h1
  title-slide-attributes:
    data-notes: ''
  
Output created: ch12-zh.html

