[31m

processing file: ch13-zh.qmd
[39m1/37                   
2/37 [setup]           
3/37                   
4/37 [unnamed-chunk-1] 
5/37                   
6/37 [unnamed-chunk-2] 
7/37                   
8/37 [unnamed-chunk-3] 
9/37                   
10/37 [unnamed-chunk-4] 
11/37                   
12/37 [unnamed-chunk-5] 
13/37                   
14/37 [unnamed-chunk-6] 
15/37                   
16/37 [unnamed-chunk-7] 
17/37                   
18/37 [unnamed-chunk-8] 
19/37                   
20/37 [unnamed-chunk-9] 
21/37                   
22/37 [unnamed-chunk-10]
23/37                   
24/37 [unnamed-chunk-11]
25/37                   
26/37 [unnamed-chunk-12]
27/37                   
28/37 [unnamed-chunk-13]
29/37                   
30/37 [unnamed-chunk-14]
31/37                   
32/37 [unnamed-chunk-15]
33/37                   
34/37 [unnamed-chunk-16]
35/37                   
36/37 [unnamed-chunk-17]
37/37                   
[31moutput file: ch13-zh.knit.md

[39m[1mpandoc [22m
  to: revealjs
  output-file: ch13-zh.html
  standalone: true
  wrap: none
  default-image-extension: png
  html-math-method:
    method: mathjax
    url: >-
      https://cdn.jsdelivr.net/npm/mathjax@2.7.9/MathJax.js?config=TeX-AMS_HTML-full
  slide-level: 2
  variables: {}
  
[1mmetadata[22m
  link-citations: true
  width: 1050
  height: 700
  margin: 0.1
  center: false
  navigationMode: linear
  controlsLayout: edges
  controlsTutorial: false
  hash: true
  history: true
  hashOneBasedIndex: false
  fragmentInURL: false
  transition: none
  backgroundTransition: none
  pdfSeparateFragments: false
  lang: en
  auto-stretch: true
  engines:
    - path: /Applications/RStudio.app/Contents/Resources/app/quarto/share/extension-subtrees/julia-engine/_extensions/julia-engine/julia-engine.js
  title: 資料分析
  subtitle: 第十三章：逐層建構圖形
  author: 劉昱佑
  institute: 實踐大學
  date: '`r Sys.Date()`'
  smaller: true
  theme: serif
  footer: '`ggplot2`: Elegant Graphics for Data Analysis'
  logo: logo.svg
  editor: source
  bibliography:
    - bib.bib
  suppress-bibliography: true
  slideNumber: true
  scrollable: false
  menu:
    useTextContentForMissingTitles: false
    hideMissingTitles: true
    side: left
    titleSelector: h1
  title-slide-attributes:
    data-notes: ''
  
Output created: ch13-zh.html

