[31m

processing file: ch16-zh.qmd
[39m1/29                   
2/29 [setup]           
3/29                   
4/29 [unnamed-chunk-1] 
5/29                   
6/29 [unnamed-chunk-2] 
7/29                   
8/29 [unnamed-chunk-3] 
9/29                   
10/29 [unnamed-chunk-4] 
11/29                   
12/29 [unnamed-chunk-5] 
13/29                   
14/29 [unnamed-chunk-6] 
15/29                   
16/29 [unnamed-chunk-7] 
17/29                   
18/29 [unnamed-chunk-8] 
19/29                   
20/29 [unnamed-chunk-9] 
21/29                   
22/29 [unnamed-chunk-10]
23/29                   
24/29 [unnamed-chunk-11]
25/29                   
26/29 [unnamed-chunk-12]
27/29                   
28/29 [unnamed-chunk-13]
29/29                   
[31moutput file: ch16-zh.knit.md

[39m[1mpandoc [22m
  to: revealjs
  output-file: ch16-zh.html
  standalone: true
  wrap: none
  default-image-extension: png
  html-math-method:
    method: mathjax
    url: >-
      https://cdn.jsdelivr.net/npm/mathjax@2.7.9/MathJax.js?config=TeX-AMS_HTML-full
  slide-level: 2
  variables: {}
  
[1mmetadata[22m
  link-citations: true
  width: 1050
  height: 700
  margin: 0.1
  center: false
  navigationMode: linear
  controlsLayout: edges
  controlsTutorial: false
  hash: true
  history: true
  hashOneBasedIndex: false
  fragmentInURL: false
  transition: none
  backgroundTransition: none
  pdfSeparateFragments: false
  lang: en
  auto-stretch: true
  engines:
    - path: /Applications/RStudio.app/Contents/Resources/app/quarto/share/extension-subtrees/julia-engine/_extensions/julia-engine/julia-engine.js
  title: 資料分析
  subtitle: 第十六章：分面
  author: 劉昱佑
  institute: 實踐大學
  date: '`r Sys.Date()`'
  smaller: true
  theme: serif
  footer: '`ggplot2`: Elegant Graphics for Data Analysis'
  logo: logo.svg
  editor: source
  bibliography:
    - bib.bib
  suppress-bibliography: true
  slideNumber: true
  scrollable: false
  menu:
    useTextContentForMissingTitles: false
    hideMissingTitles: true
    side: left
    titleSelector: h1
  title-slide-attributes:
    data-notes: ''
  
Output created: ch16-zh.html

