[31m

processing file: ch2-zh.qmd
[39m1/73                   
2/73 [setup]           
3/73                   
4/73 [unnamed-chunk-1] 
5/73                   
6/73 [unnamed-chunk-2] 
7/73                   
8/73 [unnamed-chunk-3] 
9/73                   
10/73 [unnamed-chunk-4] 
11/73                   
12/73 [unnamed-chunk-5] 
13/73                   
14/73 [unnamed-chunk-6] 
15/73                   
16/73 [unnamed-chunk-7] 
17/73                   
18/73 [unnamed-chunk-8] 
19/73                   
20/73 [unnamed-chunk-9] 
21/73                   
22/73 [unnamed-chunk-10]
23/73                   
24/73 [unnamed-chunk-11]
25/73                   
26/73 [unnamed-chunk-12]
27/73                   
28/73 [unnamed-chunk-13]
29/73                   
30/73 [unnamed-chunk-14]
31/73                   
32/73 [unnamed-chunk-15]
33/73                   
34/73 [unnamed-chunk-16]
35/73                   
36/73 [unnamed-chunk-17]
37/73                   
38/73 [unnamed-chunk-18]
39/73                   
40/73 [unnamed-chunk-19]
41/73                   
42/73 [unnamed-chunk-20]
43/73                   
44/73 [unnamed-chunk-21]
45/73                   
46/73 [unnamed-chunk-22]
47/73                   
48/73 [unnamed-chunk-23]
49/73                   
50/73 [unnamed-chunk-24]
51/73                   
52/73 [unnamed-chunk-25]
53/73                   
54/73 [unnamed-chunk-26]
55/73                   
56/73 [unnamed-chunk-27]
57/73                   
58/73 [unnamed-chunk-28]
59/73                   
60/73 [unnamed-chunk-29]
61/73                   
62/73 [unnamed-chunk-30]
63/73                   
64/73 [unnamed-chunk-31]
65/73                   
66/73 [unnamed-chunk-32]
67/73                   
68/73 [unnamed-chunk-33]
69/73                   
70/73 [unnamed-chunk-34]
71/73                   
72/73 [unnamed-chunk-35]
73/73                   
[31moutput file: ch2-zh.knit.md

[39m[1mpandoc [22m
  to: revealjs
  output-file: ch2-zh.html
  standalone: true
  wrap: none
  default-image-extension: png
  html-math-method:
    method: mathjax
    url: >-
      https://cdn.jsdelivr.net/npm/mathjax@2.7.9/MathJax.js?config=TeX-AMS_HTML-full
  slide-level: 2
  variables: {}
  
[1mmetadata[22m
  link-citations: true
  width: 1050
  height: 700
  margin: 0.1
  center: false
  navigationMode: linear
  controlsLayout: edges
  controlsTutorial: false
  hash: true
  history: true
  hashOneBasedIndex: false
  fragmentInURL: false
  transition: none
  backgroundTransition: none
  pdfSeparateFragments: false
  lang: en
  auto-stretch: true
  engines:
    - path: /Applications/RStudio.app/Contents/Resources/app/quarto/share/extension-subtrees/julia-engine/_extensions/julia-engine/julia-engine.js
  title: 資料分析
  subtitle: 第二章：第一步
  author: 劉昱佑
  institute: 實踐大學
  date: '`r Sys.Date()`'
  smaller: true
  theme: serif
  footer: '`ggplot2`: Elegant Graphics for Data Analysis'
  logo: logo.svg
  editor: source
  bibliography:
    - bib.bib
  suppress-bibliography: true
  slideNumber: true
  scrollable: false
  menu:
    useTextContentForMissingTitles: false
    hideMissingTitles: true
    side: left
    titleSelector: h1
  title-slide-attributes:
    data-notes: ''
  
Output created: ch2-zh.html

