[31m

processing file: ch2.qmd
[39m1/71                   
2/71 [unnamed-chunk-1] 
3/71                   
4/71 [unnamed-chunk-2] 
5/71                   
6/71 [unnamed-chunk-3] 
7/71                   
8/71 [unnamed-chunk-4] 
9/71                   
10/71 [unnamed-chunk-5] 
11/71                   
12/71 [unnamed-chunk-6] 
13/71                   
14/71 [unnamed-chunk-7] 
15/71                   
16/71 [unnamed-chunk-8] 
17/71                   
18/71 [unnamed-chunk-9] 
19/71                   
20/71 [unnamed-chunk-10]
21/71                   
22/71 [unnamed-chunk-11]
23/71                   
24/71 [unnamed-chunk-12]
25/71                   
26/71 [unnamed-chunk-13]
27/71                   
28/71 [unnamed-chunk-14]
29/71                   
30/71 [unnamed-chunk-15]
31/71                   
32/71 [unnamed-chunk-16]
33/71                   
34/71 [unnamed-chunk-17]
35/71                   
36/71 [unnamed-chunk-18]
37/71                   
38/71 [unnamed-chunk-19]
39/71                   
40/71 [unnamed-chunk-20]
41/71                   
42/71 [unnamed-chunk-21]
43/71                   
44/71 [unnamed-chunk-22]
45/71                   
46/71 [unnamed-chunk-23]
47/71                   
48/71 [unnamed-chunk-24]
49/71                   
50/71 [unnamed-chunk-25]
51/71                   
52/71 [unnamed-chunk-26]
53/71                   
54/71 [unnamed-chunk-27]
55/71                   
56/71 [unnamed-chunk-28]
57/71                   
58/71 [unnamed-chunk-29]
59/71                   
60/71 [unnamed-chunk-30]
61/71                   
62/71 [unnamed-chunk-31]
63/71                   
64/71 [unnamed-chunk-32]
65/71                   
66/71 [unnamed-chunk-33]
67/71                   
68/71 [unnamed-chunk-34]
69/71                   
70/71 [unnamed-chunk-35]
71/71                   
[31moutput file: ch2.knit.md

[39m[1mpandoc [22m
  to: revealjs
  output-file: ch2.html
  standalone: true
  wrap: none
  default-image-extension: png
  html-math-method:
    method: mathjax
    url: >-
      https://cdn.jsdelivr.net/npm/mathjax@2.7.9/MathJax.js?config=TeX-AMS_HTML-full
  slide-level: 2
  variables: {}
  
[1mmetadata[22m
  link-citations: true
  width: 1050
  height: 700
  margin: 0.1
  center: false
  navigationMode: linear
  controlsLayout: edges
  controlsTutorial: false
  hash: true
  history: true
  hashOneBasedIndex: false
  fragmentInURL: false
  transition: none
  backgroundTransition: none
  pdfSeparateFragments: false
  lang: en
  auto-stretch: true
  engines:
    - path: /Applications/RStudio.app/Contents/Resources/app/quarto/share/extension-subtrees/julia-engine/_extensions/julia-engine/julia-engine.js
  title: Data Analysis
  subtitle: 'Chapter 2: First Steps'
  author: Yu-You Liou (NTU)
  institute: Shih Chien University
  date: '`r Sys.Date()`'
  smaller: true
  theme: serif
  footer: '`ggplot2`: Elegant Graphics for Data Analysis'
  logo: logo.svg
  editor: source
  bibliography:
    - bib.bib
  suppress-bibliography: true
  slideNumber: true
  scrollable: false
  menu:
    useTextContentForMissingTitles: false
    hideMissingTitles: true
    side: left
    titleSelector: h1
  title-