[31m

processing file: ch4.qmd
[39m1/35                   
2/35 [unnamed-chunk-1] 
3/35                   
4/35 [unnamed-chunk-2] 
5/35                   
6/35 [unnamed-chunk-3] 
7/35                   
8/35 [unnamed-chunk-4] 
9/35                   
10/35 [unnamed-chunk-5] 
11/35                   
12/35 [unnamed-chunk-6] 
13/35                   
14/35 [unnamed-chunk-7] 
15/35                   
16/35 [unnamed-chunk-8] 
17/35                   
18/35 [unnamed-chunk-9] 
19/35                   
20/35 [unnamed-chunk-10]
21/35                   
22/35 [unnamed-chunk-11]
23/35                   
24/35 [unnamed-chunk-12]
25/35                   
26/35 [unnamed-chunk-13]
27/35                   
28/35 [unnamed-chunk-14]
29/35                   
30/35 [unnamed-chunk-15]
31/35                   
32/35 [unnamed-chunk-16]
33/35                   
34/35 [unnamed-chunk-17]
35/35                   
[31moutput file: ch4.knit.md

[39m[1mpandoc [22m
  to: revealjs
  output-file: ch4.html
  standalone: true
  wrap: none
  default-image-extension: png
  html-math-method:
    method: mathjax
    url: >-
      https://cdn.jsdelivr.net/npm/mathjax@2.7.9/MathJax.js?config=TeX-AMS_HTML-full
  slide-level: 2
  variables: {}
  
[1mmetadata[22m
  link-citations: true
  width: 1050
  height: 700
  margin: 0.1
  center: false
  navigationMode: linear
  controlsLayout: edges
  controlsTutorial: false
  hash: true
  history: true
  hashOneBasedIndex: false
  fragmentInURL: false
  transition: none
  backgroundTransition: none
  pdfSeparateFragments: false
  lang: en
  auto-stretch: true
  engines:
    - path: /Applications/RStudio.app/Contents/Resources/app/quarto/share/extension-subtrees/julia-engine/_extensions/julia-engine/julia-engine.js
  title: Data Analysis
  subtitle: 'Chapter 4: Collective geoms'
  author: Yu-You Liou (NTU)
  institute: Shih Chien University
  date: '`r Sys.Date()`'
  smaller: true
  theme: serif
  footer: '`ggplot2`: Elegant Graphics for Data Analysis'
  logo: logo.svg
  editor: source
  bibliography:
    - bib.bib
  suppress-bibliography: true
  slideNumber: true
  scrollable: false
  menu:
    useTextContentForMissingTitles: false
    hideMissingTitles: true
    side: left
    titleSelector: h1
  title-