[31m

processing file: ch5.qmd
[39m1/43                   
2/43 [unnamed-chunk-1] 
3/43                   
4/43 [unnamed-chunk-2] 
5/43                   
6/43 [unnamed-chunk-3] 
7/43                   
8/43 [unnamed-chunk-4] 
9/43                   
10/43 [unnamed-chunk-5] 
11/43                   
12/43 [unnamed-chunk-6] 
13/43                   
14/43 [unnamed-chunk-7] 
15/43                   
16/43 [unnamed-chunk-8] 
17/43                   
18/43 [unnamed-chunk-9] 
19/43                   
20/43 [unnamed-chunk-10]
21/43                   
22/43 [unnamed-chunk-11]
23/43                   
24/43 [unnamed-chunk-12]
25/43                   
26/43 [unnamed-chunk-13]
27/43                   
28/43 [unnamed-chunk-14]
29/43                   
30/43 [unnamed-chunk-15]
31/43                   
32/43 [unnamed-chunk-16]
33/43                   
34/43 [unnamed-chunk-17]
35/43                   
36/43 [unnamed-chunk-18]
37/43                   
38/43 [unnamed-chunk-19]
39/43                   
40/43 [unnamed-chunk-20]
41/43                   
42/43 [unnamed-chunk-21]
43/43                   
[31moutput file: ch5.knit.md

[39m[1mpandoc [22m
  to: revealjs
  output-file: ch5.html
  standalone: true
  wrap: none
  default-image-extension: png
  html-math-method:
    method: mathjax
    url: >-
      https://cdn.jsdelivr.net/npm/mathjax@2.7.9/MathJax.js?config=TeX-AMS_HTML-full
  slide-level: 2
  variables: {}
  
[1mmetadata[22m
  link-citations: true
  width: 1050
  height: 700
  margin: 0.1
  center: false
  navigationMode: linear
  controlsLayout: edges
  controlsTutorial: false
  hash: true
  history: true
  hashOneBasedIndex: false
  fragmentInURL: false
  transition: none
  backgroundTransition: none
  pdfSeparateFragments: false
  lang: en
  auto-stretch: true
  engines:
    - path: /Applications/RStudio.app/Contents/Resources/app/quarto/share/extension-subtrees/julia-engine/_extensions/julia-engine/julia-engine.js
  title: Data Analysis
  subtitle: 'Chapter 5: Statistical summaries'
  author: Yu-You Liou (NTU)
  institute: Shih Chien University
  date: '`r Sys.Date()`'
  smaller: true
  theme: serif
  footer: '`ggplot2`: Elegant Graphics for Data Analysis'
  logo: logo.svg
  editor: source
  bibliography:
    - bib.bib
  suppress-bibliography: true
  slideNumber: true
  scrollable: false
  menu:
    useTextContentForMissingTitles: false
    hideMissingTitles: true
    side: left
    titleSelector: h1
  title-slide-attributes:
    data-notes: ''
  
Output created: ch5.html

