[31m

processing file: ch8.qmd
[39m1/49                   
2/49 [unnamed-chunk-1] 
3/49                   
4/49 [unnamed-chunk-2] 
5/49                   
6/49 [unnamed-chunk-3] 
7/49                   
8/49 [unnamed-chunk-4] 
9/49                   
10/49 [unnamed-chunk-5] 
11/49                   
12/49 [unnamed-chunk-6] 
13/49                   
14/49 [unnamed-chunk-7] 
15/49                   
16/49 [unnamed-chunk-8] 
17/49                   
18/49 [unnamed-chunk-9] 
19/49                   
20/49 [unnamed-chunk-10]
21/49                   
22/49 [unnamed-chunk-11]
23/49                   
24/49 [unnamed-chunk-12]
25/49                   
26/49 [unnamed-chunk-13]
27/49                   
28/49 [unnamed-chunk-14]
29/49                   
30/49 [unnamed-chunk-15]
31/49                   
32/49 [unnamed-chunk-16]
33/49                   
34/49 [unnamed-chunk-17]
35/49                   
36/49 [unnamed-chunk-18]
37/49                   
38/49 [unnamed-chunk-19]
39/49                   
40/49 [unnamed-chunk-20]
41/49                   
42/49 [unnamed-chunk-21]
43/49                   
44/49 [unnamed-chunk-22]
45/49                   
46/49 [unnamed-chunk-23]
47/49                   
48/49 [unnamed-chunk-24]
49/49                   
[31moutput file: ch8.knit.md

[39m[1mpandoc [22m
  to: revealjs
  output-file: ch8.html
  standalone: true
  wrap: none
  default-image-extension: png
  html-math-method:
    method: mathjax
    url: >-
      https://cdn.jsdelivr.net/npm/mathjax@2.7.9/MathJax.js?config=TeX-AMS_HTML-full
  slide-level: 2
  variables: {}
  
[1mmetadata[22m
  link-citations: true
  width: 1050
  height: 700
  margin: 0.1
  center: false
  navigationMode: linear
  controlsLayout: edges
  controlsTutorial: false
  hash: true
  history: true
  hashOneBasedIndex: false
  fragmentInURL: false
  transition: none
  backgroundTransition: none
  pdfSeparateFragments: false
  lang: en
  auto-stretch: true
  engines:
    - path: /Applications/RStudio.app/Contents/Resources/app/quarto/share/extension-subtrees/julia-engine/_extensions/julia-engine/julia-engine.js
  title: Data Analysis
  subtitle: 'Chapter 8: Annotations'
  author: Yu-You Liou (NTU)
  institute: Shih Chien University
  date: '`r Sys.Date()`'
  smaller: true
  theme: serif
  footer: '`ggplot2`: Elegant Graphics for Data Analysis'
  logo: logo.svg
  editor: source
  bibliography:
    - bib.bib
  suppress-bibliography: true
  slideNumber: true
  scrollable: false
  menu:
    useTextContentForMissingTitles: false
    hideMissingTitles: true
    side: left
    titleSelector: h1
  title-