[1m[34m[1/5] index.qmd[39m[22m
[1m[34m[2/5] slide.qmd[39m[22m
[1m[34m[3/5] r.qmd[39m[22m
[31m

processing file: r.qmd
[39m1/7                  
2/7 [unnamed-chunk-1]
3/7                  
4/7 [unnamed-chunk-2]
5/7                  
6/7 [unnamed-chunk-3]
7/7                  
[31moutput file: r.knit.md

[39m[1m[34m[4/5] prob.qmd[39m[22m
[31m

processing file: prob.qmd
[39m1/3                  
2/3 [unnamed-chunk-1]
3/3                  
[31moutput file: prob.knit.md

[39m[1m[34m[5/5] sylla.qmd[39m[22m

Output created: index.html

